// Jest Snapshot v1, https://goo.gl/fbAQLP

exports[`should render ExpenseListItem 1`] = `
<div>
  <h3>
    Gum
  </h3>
  <p>
    Amount - 
    195
  </p>
  <p>
    Created At - 
    0
  </p>
  <Link
    replace={false}
    to="/edit/1"
  >
    Edit
  </Link>
</div>
`;
