// Jest Snapshot v1, https://goo.gl/fbAQLP

exports[`should render ExpenseDashboardPage 1`] = `
<div>
  <Connect(ExpenseListFilters) />
  <Connect(ExpenseList) />
</div>
`;

exports[`should render NotFoundPage 1`] = `
<div>
  404!
  <Link
    replace={false}
    to="/"
  >
    Go home
  </Link>
</div>
`;
